// Jest Snapshot v1, https://goo.gl/fbAQLP

exports[`show 1`] = `
ReactWrapper {
  "length": 1,
  Symbol(enzyme.__unrendered__): <Button />,
  Symbol(enzyme.__renderer__): Object {
    "batchedUpdates": [Function],
    "getNode": [Function],
    "render": [Function],
    "simulateEvent": [Function],
    "unmount": [Function],
  },
  Symbol(enzyme.__root__): [Circular],
  Symbol(enzyme.__node__): Object {
    "instance": null,
    "key": undefined,
    "nodeType": "function",
    "props": Object {},
    "ref": null,
    "rendered": Object {
      "instance": <div
        style="height: 34px; text-align: left; font-size: 12px; display: flex; border: 1px solid #d2d2d2; border-radius: 3px; cursor: pointer;"
/>,
      "key": undefined,
      "nodeType": "host",
      "props": Object {
        "children": undefined,
        "onClick": undefined,
        "style": Object {
          "alignItems": "center",
          "backgroundColor": "#ccccccab",
          "border": "1px solid #d2d2d2",
          "borderRadius": "3px",
          "cursor": "pointer",
          "display": "flex",
          "fontSize": "12px",
          "height": 34,
          "justifyContent": "center",
          "textAlign": "left",
        },
      },
      "ref": null,
      "rendered": Array [
        undefined,
      ],
      "type": "div",
    },
    "type": [Function],
  },
  Symbol(enzyme.__nodes__): Array [
    Object {
      "instance": null,
      "key": undefined,
      "nodeType": "function",
      "props": Object {},
      "ref": null,
      "rendered": Object {
        "instance": <div
          style="height: 34px; text-align: left; font-size: 12px; display: flex; border: 1px solid #d2d2d2; border-radius: 3px; cursor: pointer;"
/>,
        "key": undefined,
        "nodeType": "host",
        "props": Object {
          "children": undefined,
          "onClick": undefined,
          "style": Object {
            "alignItems": "center",
            "backgroundColor": "#ccccccab",
            "border": "1px solid #d2d2d2",
            "borderRadius": "3px",
            "cursor": "pointer",
            "display": "flex",
            "fontSize": "12px",
            "height": 34,
            "justifyContent": "center",
            "textAlign": "left",
          },
        },
        "ref": null,
        "rendered": Array [
          undefined,
        ],
        "type": "div",
      },
      "type": [Function],
    },
  ],
  Symbol(enzyme.__options__): Object {
    "adapter": ReactSixteenAdapter {
      "options": Object {
        "enableComponentDidUpdateOnSetState": true,
      },
    },
  },
}
`;
